D:/音乐/刻录1/01 花房姑娘 崔健.mp3
D:/音乐/刻录1/02 知否知否应是绿肥红瘦 胡夏_郁可唯.mp3
D:/音乐/刻录1/03 赢在江湖 姜鹏.mp3
D:/音乐/刻录1/04 一块红布 崔健.mp3
D:/音乐/刻录1/05 终于明白 动力火车.mp3
D:/音乐/刻录1/06 如始之末 醉雪.mp3
D:/音乐/刻录1/07 一无所有 崔健.mp3
D:/音乐/刻录1/08 从前 董真_妖扬.mp3
D:/音乐/刻录1/09 可可托海的牧羊人 王琪.mp3
D:/音乐/刻录1/10 从头再来 崔健.mp3
D:/音乐/刻录1/11 一念永恒 水鹿鹿.mp3
D:/音乐/刻录1/12 破茧 张韶涵.mp3
D:/音乐/刻录1/13 不是我不明白 崔健.mp3
D:/音乐/刻录1/14 百万朵玫瑰 告雨林.mp3
D:/音乐/刻录1/15 大人 Sondia .mp3
D:/音乐/刻录1/16 新长征路上的摇滚 崔健.mp3
D:/音乐/刻录1/17 来自尘埃的光 蔡维泽.mp3
D:/音乐/刻录1/18 巅峰之上 毛不易.mp3
D:/音乐/刻录1/01 花房姑娘 崔健.mp3
D:/音乐/刻录1/02 知否知否应是绿肥红瘦 胡夏_郁可唯.mp3
D:/音乐/刻录1/03 赢在江湖 姜鹏.mp3
D:/音乐/刻录1/04 一块红布 崔健.mp3
D:/音乐/刻录1/05 终于明白 动力火车.mp3
D:/音乐/刻录1/06 如始之末 醉雪.mp3
D:/音乐/刻录1/07 一无所有 崔健.mp3
D:/音乐/刻录1/08 从前 董真_妖扬.mp3
D:/音乐/刻录1/09 破浪 王啸坤.mp3
D:/音乐/刻录1/10 从头再来 崔健.mp3
D:/音乐/刻录1/11 一念永恒 水鹿鹿.mp3
D:/音乐/刻录1/12 破茧 张韶涵.mp3
D:/音乐/刻录1/13 不是我不明白 崔健.mp3
D:/音乐/刻录1/14 百万朵玫瑰 告雨林.mp3
D:/音乐/刻录1/15 大人 Sondia .mp3
D:/音乐/刻录1/16 新长征路上的摇滚 崔健.mp3
D:/音乐/刻录1/17 来自尘埃的光 蔡维泽.mp3
D:/音乐/刻录1/18 巅峰之上 毛不易.mp3
D:/音乐/刻录1/19 假行僧 崔健.mp3
D:/音乐/刻录1/20 夜空中最亮的星 逃跑计划.mp3
D:/音乐/刻录1/21 可可托海的牧羊人 王琪.mp3
D:/音乐/刻录1/22 出走 崔健.mp3
D:/音乐/刻录1/23 防御 樊凡.mp3
D:/音乐/刻录1/24 永夜 石岩-.mp3
D:/音乐/刻录1/25 不再掩饰 崔健.mp3
D:/音乐/刻录1/26 欧若拉 张韶涵.mp3
D:/音乐/刻录1/27 有点甜 汪苏泷-.mp3
D:/音乐/刻录1/28 投机分子 崔健.mp3
D:/音乐/刻录1/29 拥抱你离去 张北北.mp3
D:/音乐/刻录1/30 年轮 张碧晨.mp3
D:/音乐/刻录1/31 这儿的空间 崔健.mp3
D:/音乐/刻录1/32 得意的笑  李丽芬.mp3
D:/音乐/刻录1/33 下坠 汪峰.mp3
D:/音乐/刻录1/34 啦啦爱 孟小笛.mp3
D:/音乐/刻录1/35 你不来我不老 高安.mp3
D:/音乐/刻录1/36 痴心绝对 李圣杰 .mp3
D:/音乐/刻录1/37 没有你陪伴真的好孤单 梦然.mp3
D:/音乐/刻录1/38 无处安放 汪峰.mp3
D:/音乐/刻录1/39 羞答答的玫瑰静悄悄地开  胡夏.mp3
D:/音乐/刻录1/40 让一切走吧 龙梅子.mp3
D:/音乐/刻录1/41 普通Disco 汪峰.mp3
D:/音乐/刻录1/42 团圆 巫启贤 _ 洪茜茜.mp3
D:/音乐/刻录1/43 寂寞的人伤心的歌  龙梅子.mp3
D:/音乐/刻录1/44 消愁 李晓东.mp3
D:/音乐/刻录1/45 一半清醒一半醉 黄静美_乔洋.mp3
D:/音乐/刻录1/46 你走吧  周艳泓.mp3
D:/音乐/刻录1/47 悟空  单良.mp3
D:/音乐/刻录1/48 后来 李晓东.mp3
D:/音乐/刻录1/49 迟到 张行.mp3
D:/音乐/刻录1/50 跟着感觉走 张行.mp3
